// Vitest Snapshot v1, https://vitest.dev/guide/snapshot.html

exports[`snapshot test 1`] = `
<div>
  <div
    class="Snowman"
  >
    <img
      alt="0"
      class="Snowman-img"
      src="/src/0.png"
    />
    <p>
      Wrong guesses: 
      0
    </p>
    <p
      class="Snowman-word"
    >
      _
      _
      _
      _
      _
    </p>
    <p>
      <button
        class="letter_a"
        value="a"
      >
        a
      </button>
      <button
        class="letter_b"
        value="b"
      >
        b
      </button>
      <button
        class="letter_c"
        value="c"
      >
        c
      </button>
      <button
        class="letter_d"
        value="d"
      >
        d
      </button>
      <button
        class="letter_e"
        value="e"
      >
        e
      </button>
      <button
        class="letter_f"
        value="f"
      >
        f
      </button>
      <button
        class="letter_g"
        value="g"
      >
        g
      </button>
      <button
        class="letter_h"
        value="h"
      >
        h
      </button>
      <button
        class="letter_i"
        value="i"
      >
        i
      </button>
      <button
        class="letter_j"
        value="j"
      >
        j
      </button>
      <button
        class="letter_k"
        value="k"
      >
        k
      </button>
      <button
        class="letter_l"
        value="l"
      >
        l
      </button>
      <button
        class="letter_m"
        value="m"
      >
        m
      </button>
      <button
        class="letter_n"
        value="n"
      >
        n
      </button>
      <button
        class="letter_o"
        value="o"
      >
        o
      </button>
      <button
        class="letter_p"
        value="p"
      >
        p
      </button>
      <button
        class="letter_q"
        value="q"
      >
        q
      </button>
      <button
        class="letter_r"
        value="r"
      >
        r
      </button>
      <button
        class="letter_s"
        value="s"
      >
        s
      </button>
      <button
        class="letter_t"
        value="t"
      >
        t
      </button>
      <button
        class="letter_u"
        value="u"
      >
        u
      </button>
      <button
        class="letter_v"
        value="v"
      >
        v
      </button>
      <button
        class="letter_w"
        value="w"
      >
        w
      </button>
      <button
        class="letter_x"
        value="x"
      >
        x
      </button>
      <button
        class="letter_y"
        value="y"
      >
        y
      </button>
      <button
        class="letter_z"
        value="z"
      >
        z
      </button>
    </p>
    <button
      class="btn btn-primary"
    >
      Restart Game
    </button>
  </div>
</div>
`;
